Microchip Technology Inc, v1.70 (B)

Tool Name:
  c:\program files\microchip\xc16\v1.70\bin\bin\..\bin/elf-ld.exe

Command:
  -p33FJ32MC302 \
  --mdfp=C:/Users/LENOVO/.mchp_packs/Microchip/dsPIC33F-GP-MC_DFP/1.3.64/xc16 \
  -o \
  dist/default/production/Ejemplo5_ADC.X.production.elf \
  -Lc:/program files/microchip/xc16/v1.70/bin/bin/.. \
  -LC:/Users/LENOVO/.mchp_packs/Microchip/dsPIC33F-GP-MC_DFP/1.3.64/xc16/bin/../support/PIC24H/gld \
  -LC:/Users/LENOVO/.mchp_packs/Microchip/dsPIC33F-GP-MC_DFP/1.3.64/xc16/bin/../support/dsPIC33F/gld \
  -Lc:/program files/microchip/xc16/v1.70/bin/bin/../../lib \
  -Lc:/program files/microchip/xc16/v1.70/bin/bin/../../support/PIC24E/gld \
  -Lc:/program files/microchip/xc16/v1.70/bin/bin/../../support/PIC24F/gld \
  -Lc:/program files/microchip/xc16/v1.70/bin/bin/../../support/PIC24H/gld \
  -Lc:/program files/microchip/xc16/v1.70/bin/bin/../../support/dsPIC30F/gld \
  -Lc:/program files/microchip/xc16/v1.70/bin/bin/../../support/dsPIC33C/gld \
  -Lc:/program files/microchip/xc16/v1.70/bin/bin/../../support/dsPIC33E/gld \
  -Lc:/program files/microchip/xc16/v1.70/bin/bin/../../support/dsPIC33F/gld \
  build/default/production/LCD_dsPIC.o \
  build/default/production/main.o \
  build/default/production/adc_dsPIC.o \
  --defsym=__MPLAB_BUILD=1 \
  -Tp33FJ32MC302.gld.00 \
  --stack=16 \
  --check-sections \
  --data-init \
  --pack-data \
  --handles \
  --isr \
  --no-gc-sections \
  --fill-upper=0 \
  --stackguard=16 \
  --no-force-link \
  --smart-io \
  -Map=dist/default/production/Ejemplo5_ADC.X.production.map \
  --report-mem \
  --memorysummary \
  dist/default/production/memoryfile.xml \
  -start-group \
  --library=lega-pic30-elf \
  --library=fastm-elf \
  --library=lega-c-elf \
  -end-group \


Optional library libp33FJ32MC302.a not found
Archive member included because of file (symbol)

c:/program files/microchip/xc16/v1.70/bin/bin/../../lib\liblega-pic30-elf.a(crt0_standard.o)
                              (__resetPRI)
c:/program files/microchip/xc16/v1.70/bin/bin/../../lib\liblega-pic30-elf.a(data_init_standard.o)
                              c:/program files/microchip/xc16/v1.70/bin/bin/../../lib\liblega-pic30-elf.a(crt0_standard.o) (__data_init_standard)
c:/program files/microchip/xc16/v1.70/bin/bin/../../lib\liblega-pic30-elf.a(crt_start_mode_normal.Leo)
                              (__crt_start_mode_normal)
c:/program files/microchip/xc16/v1.70/bin/bin/../../lib\liblega-pic30-elf.a(delay32.Leo)
                              build/default/production/LCD_dsPIC.o (___delay32)
c:/program files/microchip/xc16/v1.70/bin/bin/../../lib\libfastm-elf.a(floatunsisf.eo)
                              build/default/production/main.o (___floatunsisf)
c:/program files/microchip/xc16/v1.70/bin/bin/../../lib\libfastm-elf.a(mulsf3x.eo)
                              build/default/production/main.o (___mulsf3)
c:/program files/microchip/xc16/v1.70/bin/bin/../../lib\libfastm-elf.a(unpackdnrmfx.eo)
                              c:/program files/microchip/xc16/v1.70/bin/bin/../../lib\libfastm-elf.a(mulsf3x.eo) (__unpackdnrmf)
c:/program files/microchip/xc16/v1.70/bin/bin/../../lib\libfastm-elf.a(divsf3x.eo)
                              build/default/production/main.o (___divsf3)
c:/program files/microchip/xc16/v1.70/bin/bin/../../lib\libfastm-elf.a(propnanfx.eo)
                              c:/program files/microchip/xc16/v1.70/bin/bin/../../lib\libfastm-elf.a(mulsf3x.eo) (__propnanf)
c:/program files/microchip/xc16/v1.70/bin/bin/../../lib\libfastm-elf.a(unpackfx.eo)
                              c:/program files/microchip/xc16/v1.70/bin/bin/../../lib\libfastm-elf.a(divsf3x.eo) (__unpackf)
c:/program files/microchip/xc16/v1.70/bin/bin/../../lib\libfastm-elf.a(dnrmpackfx.eo)
                              c:/program files/microchip/xc16/v1.70/bin/bin/../../lib\libfastm-elf.a(mulsf3x.eo) (__dnrmpackf)
c:/program files/microchip/xc16/v1.70/bin/bin/../../lib\libfastm-elf.a(spackfx.eo)
                              c:/program files/microchip/xc16/v1.70/bin/bin/../../lib\libfastm-elf.a(divsf3x.eo) (__spackf)
c:/program files/microchip/xc16/v1.70/bin/bin/../../lib\libfastm-elf.a(errno.eo)
                              c:/program files/microchip/xc16/v1.70/bin/bin/../../lib\libfastm-elf.a(divsf3x.eo) (_errno)
c:/program files/microchip/xc16/v1.70/bin/bin/../../lib\libfastm-elf.a(floatundisf.eo)
                              c:/program files/microchip/xc16/v1.70/bin/bin/../../lib\libfastm-elf.a(floatunsisf.eo) (___floatundisf)
c:/program files/microchip/xc16/v1.70/bin/bin/../../lib\libfastm-elf.a(fpack.eo)
                              c:/program files/microchip/xc16/v1.70/bin/bin/../../lib\libfastm-elf.a(floatundisf.eo) (__fpack)
c:/program files/microchip/xc16/v1.70/bin/bin/../../lib\libfastm-elf.a(typefx.eo)
                              c:/program files/microchip/xc16/v1.70/bin/bin/../../lib\libfastm-elf.a(mulsf3x.eo) (__typef)
[...]
Memory Configuration

Name             Origin             Length             Attributes
data             0x000800           0x001000           a !xr
reset            0x000000           0x000004  
ivt              0x000004           0x0000fc  
_reserved        0x000100           0x000004  
aivt             0x000104           0x0000fc  
program          0x000200           0x005600           xr
FBS              0xf80000           0x000002  
FGS              0xf80004           0x000002  
FOSCSEL          0xf80006           0x000002  
FOSC             0xf80008           0x000002  
FWDT             0xf8000a           0x000002  
FPOR             0xf8000c           0x000002  
FICD             0xf8000e           0x000002  
FUID0            0xf80010           0x000002  
FUID1            0xf80012           0x000002  
FUID2            0xf80014           0x000002  
FUID3            0xf80016           0x000002  
*default*        0x000000           0xffffffff  

Linker script and memory map

LOAD build/default/production/LCD_dsPIC.o
LOAD build/default/production/main.o
LOAD build/default/production/adc_dsPIC.o
                    0x0001                  __MPLAB_BUILD = 0x1
LOAD p33FJ32MC302
LOAD c:/program files/microchip/xc16/v1.70/bin/bin/../../lib\libfx-elf.a
                    0xf80000                  __FBS = 0xf80000
                    0xf80004                  __FGS = 0xf80004
                    0xf80006                  __FOSCSEL = 0xf80006
                    0xf80008                  __FOSC = 0xf80008
                    0xf8000a                  __FWDT = 0xf8000a
                    0xf8000c                  __FPOR = 0xf8000c
                    0xf8000e                  __FICD = 0xf8000e
                    0xf80010                  __FUID0 = 0xf80010
                    0xf80012                  __FUID1 = 0xf80012
                    0xf80014                  __FUID2 = 0xf80014
                    0xf80016                  __FUID3 = 0xf80016
                    0x0001                  __NO_HANDLES = 0x1
                    0x0200                  __CODE_BASE = 0x200
                    0x5600                  __CODE_LENGTH = 0x5600
                    0x0004                  __IVT_BASE = 0x4
                    0x0104                  __AIVT_BASE = 0x104
                    0x0800                  __DATA_BASE = 0x800
                    0x1000                  __DATA_LENGTH = 0x1000
                    0x1000                  __YDATA_BASE = 0x1000
                    0x1400                  __DMA_BASE = 0x1400
                    0x17ff                  __DMA_END = 0x17ff

.reset            0x000000          0x4
                  0x000000          0x2 SHORT 0x200 ABSOLUTE (__reset)
                  0x000001          0x2 SHORT 0x4
                  0x000002          0x2 SHORT 0x0 ((ABSOLUTE (__reset) >> 0x10) & 0x7f)
                  0x000003          0x2 SHORT 0x0

.text             0x000200       0x1d9c
 *(.init)
 .init            0x000200         0x4c c:/program files/microchip/xc16/v1.70/bin/bin/../../lib\liblega-pic30-elf.a(crt0_standard.o)
                  0x000200                  __resetPRI
                  0x000200                  __reset
                  0x00023c                  __psv_init
 .init            0x00024c         0x7c c:/program files/microchip/xc16/v1.70/bin/bin/../../lib\liblega-pic30-elf.a(data_init_standard.o)
                  0x000252                  __data_init_standard
                  0x000252                  __data_init
 *(.user_init)
 *(.handle)
 *(.isr*)
 .isr             0x0002dc          0x4 default_isr
                  0x0002dc                  __DefaultInterrupt
 *(.libc)
 .libc            0x0002e0         0x12 c:/program files/microchip/xc16/v1.70/bin/bin/../../lib\liblega-pic30-elf.a(close.Leo)
                  0x0002e0                  _close
 .libc            0x0002f2         0x84 c:/program files/microchip/xc16/v1.70/bin/bin/../../lib\liblega-pic30-elf.a(write.Leo)
                  0x0002f2                  _write
 .libc            0x000376         0x12 c:/program files/microchip/xc16/v1.70/bin/bin/../../lib\liblega-pic30-elf.a(remove.Leo)
                  0x000376                  _remove
 .libc            0x000388         0x28 c:/program files/microchip/xc16/v1.70/bin/bin/../../lib\liblega-pic30-elf.a(sbrk.Leo)
                  0x000388                  _sbrk
 .libc            0x0003b0         0x1a c:/program files/microchip/xc16/v1.70/bin/bin/../../lib\liblega-pic30-elf.a(brk.Lelo)
                  0x0003b0                  _brk
 *(.libm)
 *(.libdsp)
 *(.lib*)
 .libpic30_crt_start_mode
                  0x0003ca          0x2 c:/program files/microchip/xc16/v1.70/bin/bin/../../lib\liblega-pic30-elf.a(crt_start_mode_normal.Leo)
                  0x0003ca                  __crt_start_mode
                  0x0003ca                  __crt_start_mode_normal
 .libm.floatunsisf
                  0x0003cc          0x4 c:/program files/microchip/xc16/v1.70/bin/bin/../../lib\libfastm-elf.a(floatunsisf.eo)
                  0x0003cc                  ___floatunsisf
 .libmx           0x0003d0        0x10c c:/program files/microchip/xc16/v1.70/bin/bin/../../lib\libfastm-elf.a(mulsf3x.eo)
                  0x0003d0                  ___mulsf3x
                  0x0003d0                  ___mulsf3
 .libmx           0x0004dc         0x5e c:/program files/microchip/xc16/v1.70/bin/bin/../../lib\libfastm-elf.a(unpackdnrmfx.eo)
                  0x0004dc                  __unpackdnrmf
 .libmx           0x00053a        0x1be c:/program files/microchip/xc16/v1.70/bin/bin/../../lib\libfastm-elf.a(divsf3x.eo)
                  0x00053a                  ___divsf3x
                  0x00053a                  ___divsf3
                  0x0006cc                  __sdivf
 .libmx           0x0006f8         0x12 c:/program files/microchip/xc16/v1.70/bin/bin/../../lib\libfastm-elf.a(propnanfx.eo)
                  0x0006f8                  __propnanf
 .libmx           0x00070a         0x66 c:/program files/microchip/xc16/v1.70/bin/bin/../../lib\libfastm-elf.a(unpackfx.eo)
                  0x00070a                  __unpackf
 .libmx           0x000770         0x54 c:/program files/microchip/xc16/v1.70/bin/bin/../../lib\libfastm-elf.a(dnrmpackfx.eo)
                  0x000770                  __dnrmpackf
 .libmx           0x0007c4         0xa6 c:/program files/microchip/xc16/v1.70/bin/bin/../../lib\libfastm-elf.a(spackfx.eo)
                  0x0007c4                  __spackf
 .libm.floatundisf
                  0x00086a         0x5e c:/program files/microchip/xc16/v1.70/bin/bin/../../lib\libfastm-elf.a(floatundisf.eo)
                  0x00086a                  ___floatundisf
 .libm.fpack      0x0008c8         0x4c c:/program files/microchip/xc16/v1.70/bin/bin/../../lib\libfastm-elf.a(fpack.eo)
                  0x0008c8                  __fpack
 .libmx           0x000914         0x34 c:/program files/microchip/xc16/v1.70/bin/bin/../../lib\libfastm-elf.a(typefx.eo)
                  0x000914                  __typef
 .libc.eprout     0x000948         0x1a c:/program files/microchip/xc16/v1.70/bin/bin/../../lib\liblega-c-elf.a(sprintf_fF.XXeo)
                  0x000948                  sprintf_fF.XXeo:_eprout
 .libc.prout      0x000962          0xe c:/program files/microchip/xc16/v1.70/bin/bin/../../lib\liblega-c-elf.a(sprintf_fF.XXeo)
                  0x000962                  sprintf_fF.XXeo:_prout
 .libc._sprintf_fF
                  0x000970         0x20 c:/program files/microchip/xc16/v1.70/bin/bin/../../lib\liblega-c-elf.a(sprintf_fF.XXeo)
                  0x000970                  __sprintf_fF
 .libc.eprout     0x000990         0x1e c:/program files/microchip/xc16/v1.70/bin/bin/../../lib\liblega-c-elf.a(xprintf_fF.XXeo)
                  0x000990                  xprintf_fF.XXeo:_eprout
 .libc.__ePrintf_fF
                  0x0009ae        0x176 c:/program files/microchip/xc16/v1.70/bin/bin/../../lib\liblega-c-elf.a(xprintf_fF.XXeo)
                  0x0009ae                  ___ePrintf_fF
 .libc.__Printf_fF
                  0x000b24          0xa c:/program files/microchip/xc16/v1.70/bin/bin/../../lib\liblega-c-elf.a(xprintf_fF.XXeo)
                  0x000b24                  ___Printf_fF
 .libc.memcpy     0x000b2e          0xe c:/program files/microchip/xc16/v1.70/bin/bin/../../lib\liblega-c-elf.a(memcpy.XX_eo)
                  0x000b2e                  _memcpy
 .libc.strchr     0x000b3c         0x18 c:/program files/microchip/xc16/v1.70/bin/bin/../../lib\liblega-c-elf.a(strchr.XX_eo)
                  0x000b3c                  _strchr
 .libc._Puttxt    0x000b54        0x1b4 c:/program files/microchip/xc16/v1.70/bin/bin/../../lib\liblega-c-elf.a(xputtxt.XX_eo)
                  0x000b54                  __Puttxt
 .libc._Vacopy    0x000d08          0x4 c:/program files/microchip/xc16/v1.70/bin/bin/../../lib\liblega-c-elf.a(xvacopy.XX_eo)
                  0x000d08                  __Vacopy
 .libc.efwrite    0x000d0c         0xd8 c:/program files/microchip/xc16/v1.70/bin/bin/../../lib\liblega-c-elf.a(efwrite.XX_eo)
                  0x000d0c                  _efwrite
 .libc._DNKfflush
                  0x000de4         0x76 c:/program files/microchip/xc16/v1.70/bin/bin/../../lib\liblega-c-elf.a(fflush.XX_elo)
                  0x000de4                  __DNKfflush
 .libc.__Putfld_fF
                  0x000e5a         0xa4 c:/program files/microchip/xc16/v1.70/bin/bin/../../lib\liblega-c-elf.a(xputfld_fF.XXeo)
                  0x000e5a                  ___Putfld_fF
 .libc.__Ldtob_fF
                  0x000efe        0x250 c:/program files/microchip/xc16/v1.70/bin/bin/../../lib\liblega-c-elf.a(xldtob_fF.XXeo)
                  0x000efe                  ___Ldtob_fF
 .libc.__Genld_fF
                  0x00114e        0x208 c:/program files/microchip/xc16/v1.70/bin/bin/../../lib\liblega-c-elf.a(xgenld_fF.XXeo)
                  0x00114e                  ___Genld_fF
 .libc.div        0x001356         0x16 c:/program files/microchip/xc16/v1.70/bin/bin/../../lib\liblega-c-elf.a(div.XX_eo)
                  0x001356                  _div
 .libc.ldiv       0x00136c         0x2a c:/program files/microchip/xc16/v1.70/bin/bin/../../lib\liblega-c-elf.a(ldiv.XX_eo)
                  0x00136c                  _ldiv
 .libc._Fwprep    0x001396         0x8e c:/program files/microchip/xc16/v1.70/bin/bin/../../lib\liblega-c-elf.a(xfwprep.XX_eo)
                  0x001396                  __Fwprep
 .libc._LDunscale
                  0x001424         0x54 c:/program files/microchip/xc16/v1.70/bin/bin/../../lib\liblega-c-elf.a(xldunsca.XX_eo)
                  0x001424                  __LDunscale
 .libc.closeallreg
                  0x001478          0x4 c:/program files/microchip/xc16/v1.70/bin/bin/../../lib\liblega-c-elf.a(fclose.XX_elo)
 .libc._Closreg
                  0x00147c         0x12 c:/program files/microchip/xc16/v1.70/bin/bin/../../lib\liblega-c-elf.a(fclose.XX_elo)
                  0x00147c                  __Closreg
 .libc.fclose     0x00148e         0x90 c:/program files/microchip/xc16/v1.70/bin/bin/../../lib\liblega-c-elf.a(fclose.XX_elo)
                  0x00148e                  _fclose
 .libc.closeall
                  0x00151e         0x20 c:/program files/microchip/xc16/v1.70/bin/bin/../../lib\liblega-c-elf.a(fclose.XX_elo)
                  0x00151e                  fclose.XX_elo:_closeall
 .libc._Atexit    0x00153e         0x18 c:/program files/microchip/xc16/v1.70/bin/bin/../../lib\liblega-c-elf.a(xatexit.XX_elo)
                  0x00153e                  __Atexit
 .libc._Dnorm     0x001556         0x98 c:/program files/microchip/xc16/v1.70/bin/bin/../../lib\liblega-c-elf.a(xdnorm.XX_elo)
                  0x001556                  __Dnorm
 .libc.free       0x0015ee         0x64 c:/program files/microchip/xc16/v1.70/bin/bin/../../lib\liblega-c-elf.a(free.XX_eo)
                  0x0015ee                  _free
 .libc.findmem    0x001652         0x66 c:/program files/microchip/xc16/v1.70/bin/bin/../../lib\liblega-c-elf.a(malloc.XX_eo)
 .libc.malloc     0x0016b8         0x54 c:/program files/microchip/xc16/v1.70/bin/bin/../../lib\liblega-c-elf.a(malloc.XX_eo)
                  0x0016b8                  _malloc
 .libc._Getmem    0x00170c         0x14 c:/program files/microchip/xc16/v1.70/bin/bin/../../lib\liblega-c-elf.a(xgetmem.XX_eo)
                  0x00170c                  __Getmem
 .libc.doclose    0x001720          0x4 c:/program files/microchip/xc16/v1.70/bin/bin/../../lib\liblega-pic30-elf.a(close.Leo)
 .libc.dowrite    0x001724          0x4 c:/program files/microchip/xc16/v1.70/bin/bin/../../lib\liblega-pic30-elf.a(write.Leo)
 .libc.doremove
                  0x001728          0x4 c:/program files/microchip/xc16/v1.70/bin/bin/../../lib\liblega-pic30-elf.a(remove.Leo)
 .libc.memcpy_eds
                  0x00172c         0x3a c:/program files/microchip/xc16/v1.70/bin/bin/../../lib\liblega-pic30-elf.a(memcpy_eds.Leo)
                  0x00172c                  __memcpy_eds_3
                  0x00172c                  __memcpy_eds
 .libc._memchr_eds
                  0x001766         0x36 c:/program files/microchip/xc16/v1.70/bin/bin/../../lib\liblega-pic30-elf.a(memchr_eds.Leo)
                  0x001766                  __memchr_eds
 .libm.eqdf2      0x00179c          0xa c:/program files/microchip/xc16/v1.70/bin/bin/../../lib\libfastm-elf.a(deqltle.eo)
                  0x00179c                  ___eqdf2
                  0x00179c                  ___ltdf2
                  0x00179c                  ___ledf2
 .libm.gtdf2      0x0017a6          0xa c:/program files/microchip/xc16/v1.70/bin/bin/../../lib\libfastm-elf.a(dgtge.eo)
                  0x0017a6                  ___gtdf2
                  0x0017a6                  ___gedf2
 .libm.divsi3     0x0017b0         0x1e c:/program files/microchip/xc16/v1.70/bin/bin/../../lib\libfastm-elf.a(divsi3.eo)
                  0x0017b0                  ___divsi3
 .libm.extendsfdf2
                  0x0017ce         0x3e c:/program files/microchip/xc16/v1.70/bin/bin/../../lib\libfastm-elf.a(extendsfdf.eo)
                  0x0017ce                  ___extendsfdf2
 .libm.fixdfsi    0x00180c         0x58 c:/program files/microchip/xc16/v1.70/bin/bin/../../lib\libfastm-elf.a(fixdfsi.eo)
                  0x00180c                  _(float, int, long long, double, float, short, int)
 .libm.floatsidf
                  0x001864          0x6 c:/program files/microchip/xc16/v1.70/bin/bin/../../lib\libfastm-elf.a(floatsidf.eo)
                  0x001864                  ___floatsidf
 .libm.funpack    0x00186a         0x2a c:/program files/microchip/xc16/v1.70/bin/bin/../../lib\libfastm-elf.a(funpack.eo)
                  0x00186a                  __funpack
 .libm.mulsi3     0x001894          0xc c:/program files/microchip/xc16/v1.70/bin/bin/../../lib\libfastm-elf.a(mulsi3.eo)
                  0x001894                  ___mulp32peds3
                  0x001894                  ___mulsi3
                  0x001894                  ___mulp32eds3
 .libmx           0x0018a0         0xda c:/program files/microchip/xc16/v1.70/bin/bin/../../lib\libfastm-elf.a(udivsi3x.eo)
                  0x0018a0                  ___udivsi3
                  0x0018a0                  ___udivsi3x
 .lib_dpfops      0x00197a         0xa2 c:/program files/microchip/xc16/v1.70/bin/bin/../../lib\libfastm-elf.a(dpadd.eo)
                  0x00197a                  ___subdf3
                  0x001986                  ___adddf3
 .lib_dpfops      0x001a1c        0x15e c:/program files/microchip/xc16/v1.70/bin/bin/../../lib\libfastm-elf.a(dpdiv.eo)
                  0x001a1c                  ___divdf3
 .lib_dpfops      0x001b7a        0x11a c:/program files/microchip/xc16/v1.70/bin/bin/../../lib\libfastm-elf.a(dpmul.eo)
                  0x001b7a                  ___muldf3
 .lib_dpfops      0x001c94        0x128 c:/program files/microchip/xc16/v1.70/bin/bin/../../lib\libfastm-elf.a(dpsubs.eo)
                  0x001cae                  __dxchg
                  0x001cbc                  __drshft
                  0x001d16                  __dupchk
                  0x001d78                  __drndex
                  0x001d82                  __dnsrnd
                  0x001dae                  __dpakex
 .libm.dcompare
                  0x001dbc         0x52 c:/program files/microchip/xc16/v1.70/bin/bin/../../lib\libfastm-elf.a(dcompare.eo)
                  0x001dbc                  __dcompare
 .libm.dtype      0x001e0e         0x24 c:/program files/microchip/xc16/v1.70/bin/bin/../../lib\libfastm-elf.a(dtype.eo)
                  0x001e0e                  __dtype
 .libm.dunpack    0x001e32         0x4e c:/program files/microchip/xc16/v1.70/bin/bin/../../lib\libfastm-elf.a(dunpack.eo)
                  0x001e32                  __dunpack
 .libm.dunpack2
                  0x001e80         0x32 c:/program files/microchip/xc16/v1.70/bin/bin/../../lib\libfastm-elf.a(dunpack2.eo)
                  0x001e80                  __dunpack2
                  0x001ea2                  __dreturnNaN
                  0x001ea8                  __dunpack2exit
 .libm.floatdidf
                  0x001eb2         0x20 c:/program files/microchip/xc16/v1.70/bin/bin/../../lib\libfastm-elf.a(floatdidf.eo)
                  0x001eb2                  ___floatdidf
 .libm.floatundidf
                  0x001ed2         0x56 c:/program files/microchip/xc16/v1.70/bin/bin/../../lib\libfastm-elf.a(floatundidf.eo)
                  0x001ed2                  ___floatundidf
 .libm.dpack      0x001f28         0x58 c:/program files/microchip/xc16/v1.70/bin/bin/../../lib\libfastm-elf.a(dpack.eo)
                  0x001f28                  __dpack
 .libm.dPropagateNaN
                  0x001f80         0x1c c:/program files/microchip/xc16/v1.70/bin/bin/../../lib\libfastm-elf.a(dpropagateNaN.eo)
                  0x001f80                  __dPropagateNaN

usercode
 *(usercode)

__FBS             0xf80000          0x2
 *(__FBS.sec*)
 __FBS.sec        0xf80000          0x2 /CW/_FBSàj
                  0xf80000                  __FBS.sec

__FGS             0xf80004          0x2
 *(__FGS.sec*)
 __FGS.sec        0xf80004          0x2 /CW/_FGSð'j
                  0xf80004                  __FGS.sec

__FOSCSEL
 *(__FOSCSEL.sec*)

__FOSC
 *(__FOSC.sec*)

__FWDT
 *(__FWDT.sec*)

__FPOR
 *(__FPOR.sec*)

__FICD
 *(__FICD.sec*)

__FUID0
 *(__FUID0.sec*)

__FUID1
 *(__FUID1.sec*)

__FUID2
 *(__FUID2.sec*)

__FUID3
 *(__FUID3.sec*)

.comment          0x000000         0x5e
 *(.comment)
 .comment         0x000000         0x5e c:/program files/microchip/xc16/v1.70/bin/bin/../../lib\liblega-c-elf.a(xfiles.XX_elo)

.debug_info       0x000000       0x127b
 *(.debug_info)
 .debug_info      0x000000        0x600 build/default/production/LCD_dsPIC.o
 .debug_info      0x000600        0x372 build/default/production/main.o
 .debug_info      0x000972        0x909 build/default/production/adc_dsPIC.o
 *(.gnu.linkonce.wi.*)

.debug_abbrev     0x000000        0x2cc
 *(.debug_abbrev)
 .debug_abbrev    0x000000        0x100 build/default/production/LCD_dsPIC.o
 .debug_abbrev    0x000100         0xc9 build/default/production/main.o
 .debug_abbrev    0x0001c9        0x103 build/default/production/adc_dsPIC.o

.debug_line       0x000000        0x3ca
 *(.debug_line)
 .debug_line      0x000000        0x1d7 build/default/production/LCD_dsPIC.o
 .debug_line      0x0001d7         0xd5 build/default/production/main.o
 .debug_line      0x0002ac        0x11e build/default/production/adc_dsPIC.o

.debug_frame      0x000000        0x19c
 *(.debug_frame)
 .debug_frame     0x000000        0x118 build/default/production/LCD_dsPIC.o
 .debug_frame     0x000118         0x3c build/default/production/main.o
 .debug_frame     0x000154         0x48 build/default/production/adc_dsPIC.o

.debug_str        0x000000         0x81
 *(.debug_str)
 .debug_str       0x000000          0x9 build/default/production/LCD_dsPIC.o
 .debug_str       0x000009         0x36 build/default/production/main.o
 .debug_str       0x00003f         0x42 build/default/production/adc_dsPIC.o

.debug_loc
 *(.debug_loc)

.debug_macinfo
 *(.debug_macinfo)

.debug_pubnames
                  0x000000        0x1cc
 *(.debug_pubnames)
 .debug_pubnames
                  0x000000         0xff build/default/production/LCD_dsPIC.o
 .debug_pubnames
                  0x0000ff         0x9f build/default/production/main.o
 .debug_pubnames
                  0x00019e         0x2e build/default/production/adc_dsPIC.o

.debug_ranges
 *(.debug_ranges)

.debug_aranges    0x000000         0x48
 *(.debug_aranges)
 .debug_aranges
                  0x000000         0x18 build/default/production/LCD_dsPIC.o
 .debug_aranges
                  0x000018         0x18 build/default/production/main.o
 .debug_aranges
                  0x000030         0x18 build/default/production/adc_dsPIC.o
                    0x0000                  WREG0 = 0x0
                    0x0000                  _WREG0 = 0x0
                    0x0002                  WREG1 = 0x2
                    0x0002                  _WREG1 = 0x2
                    0x0004                  WREG2 = 0x4
                    0x0004                  _WREG2 = 0x4
                    0x0006                  WREG3 = 0x6
                    0x0006                  _WREG3 = 0x6
                    0x0008                  WREG4 = 0x8
                    0x0008                  _WREG4 = 0x8
                    0x000a                  WREG5 = 0xa
                    0x000a                  _WREG5 = 0xa
                    0x000c                  WREG6 = 0xc
                    0x000c                  _WREG6 = 0xc
                    0x000e                  WREG7 = 0xe
                    0x000e                  _WREG7 = 0xe
                    0x0010                  WREG8 = 0x10
                    0x0010                  _WREG8 = 0x10
                    0x0012                  WREG9 = 0x12
                    0x0012                  _WREG9 = 0x12
                    0x0014                  WREG10 = 0x14
                    0x0014                  _WREG10 = 0x14
                    0x0016                  WREG11 = 0x16
                    0x0016                  _WREG11 = 0x16
                    0x0018                  WREG12 = 0x18
                    0x0018                  _WREG12 = 0x18
                    0x001a                  WREG13 = 0x1a
                    0x001a                  _WREG13 = 0x1a
                    0x001c                  WREG14 = 0x1c
                    0x001c                  _WREG14 = 0x1c
                    0x001e                  WREG15 = 0x1e
                    0x001e                  _WREG15 = 0x1e
                    0x0020                  SPLIM = 0x20
                    0x0020                  _SPLIM = 0x20
                    0x0022                  ACCAL = 0x22
                    0x0022                  _ACCAL = 0x22
                    0x0024                  ACCAH = 0x24
                    0x0024                  _ACCAH = 0x24
                    0x0026                  ACCAU = 0x26
                    0x0026                  _ACCAU = 0x26
                    0x0028                  ACCBL = 0x28
                    0x0028                  _ACCBL = 0x28
                    0x002a                  ACCBH = 0x2a
                    0x002a                  _ACCBH = 0x2a
                    0x002c                  ACCBU = 0x2c
                    0x002c                  _ACCBU = 0x2c
                    0x002e                  PCL = 0x2e
                    0x002e                  _PCL = 0x2e
                    0x0030                  PCH = 0x30
                    0x0030                  _PCH = 0x30
                    0x0032                  TBLPAG = 0x32
                    0x0032                  _TBLPAG = 0x32
                    0x0034                  PSVPAG = 0x34
                    0x0034                  _PSVPAG = 0x34
                    0x0036                  RCOUNT = 0x36
                    0x0036                  _RCOUNT = 0x36
                    0x0038                  DCOUNT = 0x38
                    0x0038                  _DCOUNT = 0x38
                    0x003a                  DOSTARTL = 0x3a
                    0x003a                  _DOSTARTL = 0x3a
                    0x003c                  DOSTARTH = 0x3c
                    0x003c                  _DOSTARTH = 0x3c
                    0x003e                  DOENDL = 0x3e
                    0x003e                  _DOENDL = 0x3e
                    0x0040                  DOENDH = 0x40
                    0x0040                  _DOENDH = 0x40
                    0x0042                  SR = 0x42
                    0x0042                  _SR = 0x42
                    0x0042                  _SRbits = 0x42
                    0x0044                  CORCON = 0x44
                    0x0044                  _CORCON = 0x44
                    0x0044                  _CORCONbits = 0x44
                    0x0046                  MODCON = 0x46
                    0x0046                  _MODCON = 0x46
                    0x0046                  _MODCONbits = 0x46
                    0x0048                  XMODSRT = 0x48
                    0x0048                  _XMODSRT = 0x48
                    0x004a                  XMODEND = 0x4a
                    0x004a                  _XMODEND = 0x4a
                    0x004c                  YMODSRT = 0x4c
                    0x004c                  _YMODSRT = 0x4c
                    0x004e                  YMODEND = 0x4e
                    0x004e                  _YMODEND = 0x4e
                    0x0050                  XBREV = 0x50
                    0x0050                  _XBREV = 0x50
                    0x0050                  _XBREVbits = 0x50
                    0x0052                  DISICNT = 0x52
                    0x0052                  _DISICNT = 0x52
                    0x0060                  CNEN1 = 0x60
                    0x0060                  _CNEN1 = 0x60
                    0x0060                  _CNEN1bits = 0x60
                    0x0062                  CNEN2 = 0x62
                    0x0062                  _CNEN2 = 0x62
                    0x0062                  _CNEN2bits = 0x62
                    0x0068                  CNPU1 = 0x68
                    0x0068                  _CNPU1 = 0x68
                    0x0068                  _CNPU1bits = 0x68
                    0x006a                  CNPU2 = 0x6a
                    0x006a                  _CNPU2 = 0x6a
                    0x006a                  _CNPU2bits = 0x6a
                    0x0080                  INTCON1 = 0x80
                    0x0080                  _INTCON1 = 0x80
                    0x0080                  _INTCON1bits = 0x80
                    0x0082                  INTCON2 = 0x82
                    0x0082                  _INTCON2 = 0x82
                    0x0082                  _INTCON2bits = 0x82
                    0x0084                  IFS0 = 0x84
                    0x0084                  _IFS0 = 0x84
                    0x0084                  _IFS0bits = 0x84
                    0x0086                  IFS1 = 0x86
                    0x0086                  _IFS1 = 0x86
                    0x0086                  _IFS1bits = 0x86
                    0x0088                  IFS2 = 0x88
                    0x0088                  _IFS2 = 0x88
                    0x0088                  _IFS2bits = 0x88
                    0x008a                  IFS3 = 0x8a
                    0x008a                  _IFS3 = 0x8a
                    0x008a                  _IFS3bits = 0x8a
                    0x008c                  IFS4 = 0x8c
                    0x008c                  _IFS4 = 0x8c
                    0x008c                  _IFS4bits = 0x8c
                    0x0094                  IEC0 = 0x94
                    0x0094                  _IEC0 = 0x94
                    0x0094                  _IEC0bits = 0x94
                    0x0096                  IEC1 = 0x96
                    0x0096                  _IEC1 = 0x96
                    0x0096                  _IEC1bits = 0x96
                    0x0098                  IEC2 = 0x98
                    0x0098                  _IEC2 = 0x98
                    0x0098                  _IEC2bits = 0x98
                    0x009a                  IEC3 = 0x9a
                    0x009a                  _IEC3 = 0x9a
                    0x009a                  _IEC3bits = 0x9a
                    0x009c                  IEC4 = 0x9c
                    0x009c                  _IEC4 = 0x9c
                    0x009c                  _IEC4bits = 0x9c
                    0x00a4                  IPC0 = 0xa4
                    0x00a4                  _IPC0 = 0xa4
                    0x00a4                  _IPC0bits = 0xa4
                    0x00a6                  IPC1 = 0xa6
                    0x00a6                  _IPC1 = 0xa6
                    0x00a6                  _IPC1bits = 0xa6
                    0x00a8                  IPC2 = 0xa8
                    0x00a8                  _IPC2 = 0xa8
                    0x00a8                  _IPC2bits = 0xa8
                    0x00aa                  IPC3 = 0xaa
                    0x00aa                  _IPC3 = 0xaa
                    0x00aa                  _IPC3bits = 0xaa
                    0x00ac                  IPC4 = 0xac
                    0x00ac                  _IPC4 = 0xac
                    0x00ac                  _IPC4bits = 0xac
                    0x00ae                  IPC5 = 0xae
                    0x00ae                  _IPC5 = 0xae
                    0x00ae                  _IPC5bits = 0xae
                    0x00b0                  IPC6 = 0xb0
                    0x00b0                  _IPC6 = 0xb0
                    0x00b0                  _IPC6bits = 0xb0
                    0x00b2                  IPC7 = 0xb2
                    0x00b2                  _IPC7 = 0xb2
                    0x00b2                  _IPC7bits = 0xb2
                    0x00b4                  IPC8 = 0xb4
                    0x00b4                  _IPC8 = 0xb4
                    0x00b4                  _IPC8bits = 0xb4
                    0x00b6                  IPC9 = 0xb6
                    0x00b6                  _IPC9 = 0xb6
                    0x00b6                  _IPC9bits = 0xb6
                    0x00ba                  IPC11 = 0xba
                    0x00ba                  _IPC11 = 0xba
                    0x00ba                  _IPC11bits = 0xba
                    0x00c0                  IPC14 = 0xc0
                    0x00c0                  _IPC14 = 0xc0
                    0x00c0                  _IPC14bits = 0xc0
                    0x00c2                  IPC15 = 0xc2
                    0x00c2                  _IPC15 = 0xc2
                    0x00c2                  _IPC15bits = 0xc2
                    0x00c4                  IPC16 = 0xc4
                    0x00c4                  _IPC16 = 0xc4
                    0x00c4                  _IPC16bits = 0xc4
                    0x00c6                  IPC17 = 0xc6
                    0x00c6                  _IPC17 = 0xc6
                    0x00c6                  _IPC17bits = 0xc6
                    0x00c8                  IPC18 = 0xc8
                    0x00c8                  _IPC18 = 0xc8
                    0x00c8                  _IPC18bits = 0xc8
                    0x00e0                  INTTREG = 0xe0
                    0x00e0                  _INTTREG = 0xe0
                    0x00e0                  _INTTREGbits = 0xe0
                    0x0100                  TMR1 = 0x100
                    0x0100                  _TMR1 = 0x100
                    0x0102                  PR1 = 0x102
                    0x0102                  _PR1 = 0x102
                    0x0104                  T1CON = 0x104
                    0x0104                  _T1CON = 0x104
                    0x0104                  _T1CONbits = 0x104
                    0x0106                  TMR2 = 0x106
                    0x0106                  _TMR2 = 0x106
                    0x0108                  TMR3HLD = 0x108
                    0x0108                  _TMR3HLD = 0x108
                    0x010a                  TMR3 = 0x10a
                    0x010a                  _TMR3 = 0x10a
                    0x010c                  PR2 = 0x10c
                    0x010c                  _PR2 = 0x10c
                    0x010e                  PR3 = 0x10e
                    0x010e                  _PR3 = 0x10e
                    0x0110                  T2CON = 0x110
                    0x0110                  _T2CON = 0x110
                    0x0110                  _T2CONbits = 0x110
                    0x0112                  T3CON = 0x112
                    0x0112                  _T3CON = 0x112
                    0x0112                  _T3CONbits = 0x112
                    0x0114                  TMR4 = 0x114
                    0x0114                  _TMR4 = 0x114
                    0x0116                  TMR5HLD = 0x116
                    0x0116                  _TMR5HLD = 0x116
                    0x0118                  TMR5 = 0x118
                    0x0118                  _TMR5 = 0x118
                    0x011a                  PR4 = 0x11a
                    0x011a                  _PR4 = 0x11a
                    0x011c                  PR5 = 0x11c
                    0x011c                  _PR5 = 0x11c
                    0x011e                  T4CON = 0x11e
                    0x011e                  _T4CON = 0x11e
                    0x011e                  _T4CONbits = 0x11e
                    0x0120                  T5CON = 0x120
                    0x0120                  _T5CON = 0x120
                    0x0120                  _T5CONbits = 0x120
                    0x0140                  IC1BUF = 0x140
                    0x0140                  _IC1BUF = 0x140
                    0x0142                  IC1CON = 0x142
                    0x0142                  _IC1CON = 0x142
                    0x0142                  _IC1CONbits = 0x142
                    0x0144                  IC2BUF = 0x144
                    0x0144                  _IC2BUF = 0x144
                    0x0146                  IC2CON = 0x146
                    0x0146                  _IC2CON = 0x146
                    0x0146                  _IC2CONbits = 0x146
                    0x0158                  IC7BUF = 0x158
                    0x0158                  _IC7BUF = 0x158
                    0x015a                  IC7CON = 0x15a
                    0x015a                  _IC7CON = 0x15a
                    0x015a                  _IC7CONbits = 0x15a
                    0x015c                  IC8BUF = 0x15c
                    0x015c                  _IC8BUF = 0x15c
                    0x015e                  IC8CON = 0x15e
                    0x015e                  _IC8CON = 0x15e
                    0x015e                  _IC8CONbits = 0x15e
                    0x0180                  OC1RS = 0x180
                    0x0180                  _OC1RS = 0x180
                    0x0182                  OC1R = 0x182
                    0x0182                  _OC1R = 0x182
                    0x0184                  OC1CON = 0x184
                    0x0184                  _OC1CON = 0x184
                    0x0184                  _OC1CONbits = 0x184
                    0x0186                  OC2RS = 0x186
                    0x0186                  _OC2RS = 0x186
                    0x0188                  OC2R = 0x188
                    0x0188                  _OC2R = 0x188
                    0x018a                  OC2CON = 0x18a
                    0x018a                  _OC2CON = 0x18a
                    0x018a                  _OC2CONbits = 0x18a
                    0x018c                  OC3RS = 0x18c
                    0x018c                  _OC3RS = 0x18c
                    0x018e                  OC3R = 0x18e
                    0x018e                  _OC3R = 0x18e
                    0x0190                  OC3CON = 0x190
                    0x0190                  _OC3CON = 0x190
                    0x0190                  _OC3CONbits = 0x190
                    0x0192                  OC4RS = 0x192
                    0x0192                  _OC4RS = 0x192
                    0x0194                  OC4R = 0x194
                    0x0194                  _OC4R = 0x194
                    0x0196                  OC4CON = 0x196
                    0x0196                  _OC4CON = 0x196
                    0x0196                  _OC4CONbits = 0x196
                    0x01c0                  P1TCON = 0x1c0
                    0x01c0                  _P1TCON = 0x1c0
                    0x01c0                  _P1TCONbits = 0x1c0
                    0x01c0                  PTCON = 0x1c0
                    0x01c0                  _PTCON = 0x1c0
                    0x01c0                  _PTCONbits = 0x1c0
                    0x01c2                  P1TMR = 0x1c2
                    0x01c2                  _P1TMR = 0x1c2
                    0x01c2                  _P1TMRbits = 0x1c2
                    0x01c2                  PTMR = 0x1c2
                    0x01c2                  _PTMR = 0x1c2
                    0x01c2                  _PTMRbits = 0x1c2
                    0x01c4                  P1TPER = 0x1c4
                    0x01c4                  _P1TPER = 0x1c4
                    0x01c4                  _P1TPERbits = 0x1c4
                    0x01c4                  PTPER = 0x1c4
                    0x01c4                  _PTPER = 0x1c4
                    0x01c4                  _PTPERbits = 0x1c4
                    0x01c6                  P1SECMP = 0x1c6
                    0x01c6                  _P1SECMP = 0x1c6
                    0x01c6                  _P1SECMPbits = 0x1c6
                    0x01c6                  SEVTCMP = 0x1c6
                    0x01c6                  _SEVTCMP = 0x1c6
                    0x01c6                  _SEVTCMPbits = 0x1c6
                    0x01c8                  PWM1CON1 = 0x1c8
                    0x01c8                  _PWM1CON1 = 0x1c8
                    0x01c8                  _PWM1CON1bits = 0x1c8
                    0x01c8                  PWMCON1 = 0x1c8
                    0x01c8                  _PWMCON1 = 0x1c8
                    0x01c8                  _PWMCON1bits = 0x1c8
                    0x01ca                  PWM1CON2 = 0x1ca
                    0x01ca                  _PWM1CON2 = 0x1ca
                    0x01ca                  _PWM1CON2bits = 0x1ca
                    0x01ca                  PWMCON2 = 0x1ca
                    0x01ca                  _PWMCON2 = 0x1ca
                    0x01ca                  _PWMCON2bits = 0x1ca
                    0x01cc                  DTCON1 = 0x1cc
                    0x01cc                  _DTCON1 = 0x1cc
                    0x01cc                  _DTCON1bits = 0x1cc
                    0x01cc                  P1DTCON1 = 0x1cc
                    0x01cc                  _P1DTCON1 = 0x1cc
                    0x01cc                  _P1DTCON1bits = 0x1cc
                    0x01ce                  DTCON2 = 0x1ce
                    0x01ce                  _DTCON2 = 0x1ce
                    0x01ce                  _DTCON2bits = 0x1ce
                    0x01ce                  P1DTCON2 = 0x1ce
                    0x01ce                  _P1DTCON2 = 0x1ce
                    0x01ce                  _P1DTCON2bits = 0x1ce
                    0x01d0                  FLTACON = 0x1d0
                    0x01d0                  _FLTACON = 0x1d0
                    0x01d0                  _FLTACONbits = 0x1d0
                    0x01d0                  P1FLTACON = 0x1d0
                    0x01d0                  _P1FLTACON = 0x1d0
                    0x01d0                  _P1FLTACONbits = 0x1d0
                    0x01d4                  OVDCON = 0x1d4
                    0x01d4                  _OVDCON = 0x1d4
                    0x01d4                  _OVDCONbits = 0x1d4
                    0x01d4                  P1OVDCON = 0x1d4
                    0x01d4                  _P1OVDCON = 0x1d4
                    0x01d4                  _P1OVDCONbits = 0x1d4
                    0x01d6                  P1DC1 = 0x1d6
                    0x01d6                  _P1DC1 = 0x1d6
                    0x01d6                  PDC1 = 0x1d6
                    0x01d6                  _PDC1 = 0x1d6
                    0x01d8                  P1DC2 = 0x1d8
                    0x01d8                  _P1DC2 = 0x1d8
                    0x01d8                  PDC2 = 0x1d8
                    0x01d8                  _PDC2 = 0x1d8
                    0x01da                  P1DC3 = 0x1da
                    0x01da                  _P1DC3 = 0x1da
                    0x01da                  PDC3 = 0x1da
                    0x01da                  _PDC3 = 0x1da
                    0x01e0                  QEI1CON = 0x1e0
                    0x01e0                  _QEI1CON = 0x1e0
                    0x01e0                  _QEI1CONbits = 0x1e0
                    0x01e0                  QEICON = 0x1e0
                    0x01e0                  _QEICON = 0x1e0
                    0x01e0                  _QEICONbits = 0x1e0
                    0x01e2                  DFLT1CON = 0x1e2
                    0x01e2                  _DFLT1CON = 0x1e2
                    0x01e2                  _DFLT1CONbits = 0x1e2
                    0x01e2                  DFLTCON = 0x1e2
                    0x01e2                  _DFLTCON = 0x1e2
                    0x01e2                  _DFLTCONbits = 0x1e2
                    0x01e4                  POS1CNT = 0x1e4
                    0x01e4                  _POS1CNT = 0x1e4
                    0x01e4                  POSCNT = 0x1e4
                    0x01e4                  _POSCNT = 0x1e4
                    0x01e6                  MAX1CNT = 0x1e6
                    0x01e6                  _MAX1CNT = 0x1e6
                    0x01e6                  MAXCNT = 0x1e6
                    0x01e6                  _MAXCNT = 0x1e6
                    0x01f0                  QEI2CON = 0x1f0
                    0x01f0                  _QEI2CON = 0x1f0
                    0x01f0                  _QEI2CONbits = 0x1f0
                    0x01f2                  DFLT2CON = 0x1f2
                    0x01f2                  _DFLT2CON = 0x1f2
                    0x01f2                  _DFLT2CONbits = 0x1f2
                    0x01f4                  POS2CNT = 0x1f4
                    0x01f4                  _POS2CNT = 0x1f4
                    0x01f6                  MAX2CNT = 0x1f6
                    0x01f6                  _MAX2CNT = 0x1f6
                    0x0200                  I2C1RCV = 0x200
                    0x0200                  _I2C1RCV = 0x200
                    0x0200                  I2CRCV = 0x200
                    0x0200                  _I2CRCV = 0x200
                    0x0202                  I2C1TRN = 0x202
                    0x0202                  _I2C1TRN = 0x202
                    0x0202                  I2CTRN = 0x202
                    0x0202                  _I2CTRN = 0x202
                    0x0204                  I2C1BRG = 0x204
                    0x0204                  _I2C1BRG = 0x204
                    0x0206                  I2C1CON = 0x206
                    0x0206                  _I2C1CON = 0x206
                    0x0206                  _I2C1CONbits = 0x206
                    0x0206                  I2CCON = 0x206
                    0x0206                  _I2CCON = 0x206
                    0x0206                  _I2CCONbits = 0x206
                    0x0208                  I2C1STAT = 0x208
                    0x0208                  _I2C1STAT = 0x208
                    0x0208                  _I2C1STATbits = 0x208
                    0x0208                  I2CSTAT = 0x208
                    0x0208                  _I2CSTAT = 0x208
                    0x0208                  _I2CSTATbits = 0x208
                    0x020a                  I2C1ADD = 0x20a
                    0x020a                  _I2C1ADD = 0x20a
                    0x020a                  I2CADD = 0x20a
                    0x020a                  _I2CADD = 0x20a
                    0x020c                  I2C1MSK = 0x20c
                    0x020c                  _I2C1MSK = 0x20c
                    0x0220                  U1MODE = 0x220
                    0x0220                  _U1MODE = 0x220
                    0x0220                  _U1MODEbits = 0x220
                    0x0222                  U1STA = 0x222
                    0x0222                  _U1STA = 0x222
                    0x0222                  _U1STAbits = 0x222
                    0x0224                  U1TXREG = 0x224
                    0x0224                  _U1TXREG = 0x224
                    0x0224                  _U1TXREGbits = 0x224
                    0x0226                  U1RXREG = 0x226
                    0x0226                  _U1RXREG = 0x226
                    0x0226                  _U1RXREGbits = 0x226
                    0x0228                  U1BRG = 0x228
                    0x0228                  _U1BRG = 0x228
                    0x0230                  U2MODE = 0x230
                    0x0230                  _U2MODE = 0x230
                    0x0230                  _U2MODEbits = 0x230
                    0x0232                  U2STA = 0x232
                    0x0232                  _U2STA = 0x232
                    0x0232                  _U2STAbits = 0x232
                    0x0234                  U2TXREG = 0x234
                    0x0234                  _U2TXREG = 0x234
                    0x0234                  _U2TXREGbits = 0x234
                    0x0236                  U2RXREG = 0x236
                    0x0236                  _U2RXREG = 0x236
                    0x0236                  _U2RXREGbits = 0x236
                    0x0238                  U2BRG = 0x238
                    0x0238                  _U2BRG = 0x238
                    0x0240                  SPI1STAT = 0x240
                    0x0240                  _SPI1STAT = 0x240
                    0x0240                  _SPI1STATbits = 0x240
                    0x0242                  SPI1CON1 = 0x242
                    0x0242                  _SPI1CON1 = 0x242
                    0x0242                  _SPI1CON1bits = 0x242
                    0x0244                  SPI1CON2 = 0x244
                    0x0244                  _SPI1CON2 = 0x244
                    0x0244                  _SPI1CON2bits = 0x244
                    0x0248                  SPI1BUF = 0x248
                    0x0248                  _SPI1BUF = 0x248
                    0x0260                  SPI2STAT = 0x260
                    0x0260                  _SPI2STAT = 0x260
                    0x0260                  _SPI2STATbits = 0x260
                    0x0262                  SPI2CON1 = 0x262
                    0x0262                  _SPI2CON1 = 0x262
                    0x0262                  _SPI2CON1bits = 0x262
                    0x0264                  SPI2CON2 = 0x264
                    0x0264                  _SPI2CON2 = 0x264
                    0x0264                  _SPI2CON2bits = 0x264
                    0x0268                  SPI2BUF = 0x268
                    0x0268                  _SPI2BUF = 0x268
                    0x02c0                  TRISA = 0x2c0
                    0x02c0                  _TRISA = 0x2c0
                    0x02c0                  _TRISAbits = 0x2c0
                    0x02c2                  PORTA = 0x2c2
                    0x02c2                  _PORTA = 0x2c2
                    0x02c2                  _PORTAbits = 0x2c2
                    0x02c4                  LATA = 0x2c4
                    0x02c4                  _LATA = 0x2c4
                    0x02c4                  _LATAbits = 0x2c4
                    0x02c6                  ODCA = 0x2c6
                    0x02c6                  _ODCA = 0x2c6
                    0x02c6                  _ODCAbits = 0x2c6
                    0x02c8                  TRISB = 0x2c8
                    0x02c8                  _TRISB = 0x2c8
                    0x02c8                  _TRISBbits = 0x2c8
                    0x02ca                  PORTB = 0x2ca
                    0x02ca                  _PORTB = 0x2ca
                    0x02ca                  _PORTBbits = 0x2ca
                    0x02cc                  LATB = 0x2cc
                    0x02cc                  _LATB = 0x2cc
                    0x02cc                  _LATBbits = 0x2cc
                    0x02ce                  ODCB = 0x2ce
                    0x02ce                  _ODCB = 0x2ce
                    0x02ce                  _ODCBbits = 0x2ce
                    0x02fc                  PADCFG1 = 0x2fc
                    0x02fc                  _PADCFG1 = 0x2fc
                    0x02fc                  _PADCFG1bits = 0x2fc
                    0x0300                  ADC1BUF0 = 0x300
                    0x0300                  _ADC1BUF0 = 0x300
                    0x0300                  ADCBUF0 = 0x300
                    0x0300                  _ADCBUF0 = 0x300
                    0x0320                  AD1CON1 = 0x320
                    0x0320                  _AD1CON1 = 0x320
                    0x0320                  _AD1CON1bits = 0x320
                    0x0322                  AD1CON2 = 0x322
                    0x0322                  _AD1CON2 = 0x322
                    0x0322                  _AD1CON2bits = 0x322
                    0x0324                  AD1CON3 = 0x324
                    0x0324                  _AD1CON3 = 0x324
                    0x0324                  _AD1CON3bits = 0x324
                    0x0326                  AD1CHS123 = 0x326
                    0x0326                  _AD1CHS123 = 0x326
                    0x0326                  _AD1CHS123bits = 0x326
                    0x0328                  AD1CHS0 = 0x328
                    0x0328                  _AD1CHS0 = 0x328
                    0x0328                  _AD1CHS0bits = 0x328
                    0x032c                  AD1PCFGL = 0x32c
                    0x032c                  _AD1PCFGL = 0x32c
                    0x032c                  _AD1PCFGLbits = 0x32c
                    0x032c                  ADPCFG = 0x32c
                    0x032c                  _ADPCFG = 0x32c
                    0x032c                  _ADPCFGbits = 0x32c
                    0x0330                  AD1CSSL = 0x330
                    0x0330                  _AD1CSSL = 0x330
                    0x0330                  _AD1CSSLbits = 0x330
                    0x0332                  AD1CON4 = 0x332
                    0x0332                  _AD1CON4 = 0x332
                    0x0332                  _AD1CON4bits = 0x332
                    0x0380                  DMA0CON = 0x380
                    0x0380                  _DMA0CON = 0x380
                    0x0380                  _DMA0CONbits = 0x380
                    0x0382                  DMA0REQ = 0x382
                    0x0382                  _DMA0REQ = 0x382
                    0x0382                  _DMA0REQbits = 0x382
                    0x0384                  DMA0STA = 0x384
                    0x0384                  _DMA0STA = 0x384
                    0x0386                  DMA0STB = 0x386
                    0x0386                  _DMA0STB = 0x386
                    0x0388                  DMA0PAD = 0x388
                    0x0388                  _DMA0PAD = 0x388
                    0x038a                  DMA0CNT = 0x38a
                    0x038a                  _DMA0CNT = 0x38a
                    0x038c                  DMA1CON = 0x38c
                    0x038c                  _DMA1CON = 0x38c
                    0x038c                  _DMA1CONbits = 0x38c
                    0x038e                  DMA1REQ = 0x38e
                    0x038e                  _DMA1REQ = 0x38e
                    0x038e                  _DMA1REQbits = 0x38e
                    0x0390                  DMA1STA = 0x390
                    0x0390                  _DMA1STA = 0x390
                    0x0392                  DMA1STB = 0x392
                    0x0392                  _DMA1STB = 0x392
                    0x0394                  DMA1PAD = 0x394
                    0x0394                  _DMA1PAD = 0x394
                    0x0396                  DMA1CNT = 0x396
                    0x0396                  _DMA1CNT = 0x396
                    0x0398                  DMA2CON = 0x398
                    0x0398                  _DMA2CON = 0x398
                    0x0398                  _DMA2CONbits = 0x398
                    0x039a                  DMA2REQ = 0x39a
                    0x039a                  _DMA2REQ = 0x39a
                    0x039a                  _DMA2REQbits = 0x39a
                    0x039c                  DMA2STA = 0x39c
                    0x039c                  _DMA2STA = 0x39c
                    0x039e                  DMA2STB = 0x39e
                    0x039e                  _DMA2STB = 0x39e
                    0x03a0                  DMA2PAD = 0x3a0
                    0x03a0                  _DMA2PAD = 0x3a0
                    0x03a2                  DMA2CNT = 0x3a2
                    0x03a2                  _DMA2CNT = 0x3a2
                    0x03a4                  DMA3CON = 0x3a4
                    0x03a4                  _DMA3CON = 0x3a4
                    0x03a4                  _DMA3CONbits = 0x3a4
                    0x03a6                  DMA3REQ = 0x3a6
                    0x03a6                  _DMA3REQ = 0x3a6
                    0x03a6                  _DMA3REQbits = 0x3a6
                    0x03a8                  DMA3STA = 0x3a8
                    0x03a8                  _DMA3STA = 0x3a8
                    0x03aa                  DMA3STB = 0x3aa
                    0x03aa                  _DMA3STB = 0x3aa
                    0x03ac                  DMA3PAD = 0x3ac
                    0x03ac                  _DMA3PAD = 0x3ac
                    0x03ae                  DMA3CNT = 0x3ae
                    0x03ae                  _DMA3CNT = 0x3ae
                    0x03b0                  DMA4CON = 0x3b0
                    0x03b0                  _DMA4CON = 0x3b0
                    0x03b0                  _DMA4CONbits = 0x3b0
                    0x03b2                  DMA4REQ = 0x3b2
                    0x03b2                  _DMA4REQ = 0x3b2
                    0x03b2                  _DMA4REQbits = 0x3b2
                    0x03b4                  DMA4STA = 0x3b4
                    0x03b4                  _DMA4STA = 0x3b4
                    0x03b6                  DMA4STB = 0x3b6
                    0x03b6                  _DMA4STB = 0x3b6
                    0x03b8                  DMA4PAD = 0x3b8
                    0x03b8                  _DMA4PAD = 0x3b8
                    0x03ba                  DMA4CNT = 0x3ba
                    0x03ba                  _DMA4CNT = 0x3ba
                    0x03bc                  DMA5CON = 0x3bc
                    0x03bc                  _DMA5CON = 0x3bc
                    0x03bc                  _DMA5CONbits = 0x3bc
                    0x03be                  DMA5REQ = 0x3be
                    0x03be                  _DMA5REQ = 0x3be
                    0x03be                  _DMA5REQbits = 0x3be
                    0x03c0                  DMA5STA = 0x3c0
                    0x03c0                  _DMA5STA = 0x3c0
                    0x03c2                  DMA5STB = 0x3c2
                    0x03c2                  _DMA5STB = 0x3c2
                    0x03c4                  DMA5PAD = 0x3c4
                    0x03c4                  _DMA5PAD = 0x3c4
                    0x03c6                  DMA5CNT = 0x3c6
                    0x03c6                  _DMA5CNT = 0x3c6
                    0x03c8                  DMA6CON = 0x3c8
                    0x03c8                  _DMA6CON = 0x3c8
                    0x03c8                  _DMA6CONbits = 0x3c8
                    0x03ca                  DMA6REQ = 0x3ca
                    0x03ca                  _DMA6REQ = 0x3ca
                    0x03ca                  _DMA6REQbits = 0x3ca
                    0x03cc                  DMA6STA = 0x3cc
                    0x03cc                  _DMA6STA = 0x3cc
                    0x03ce                  DMA6STB = 0x3ce
                    0x03ce                  _DMA6STB = 0x3ce
                    0x03d0                  DMA6PAD = 0x3d0
                    0x03d0                  _DMA6PAD = 0x3d0
                    0x03d2                  DMA6CNT = 0x3d2
                    0x03d2                  _DMA6CNT = 0x3d2
                    0x03d4                  DMA7CON = 0x3d4
                    0x03d4                  _DMA7CON = 0x3d4
                    0x03d4                  _DMA7CONbits = 0x3d4
                    0x03d6                  DMA7REQ = 0x3d6
                    0x03d6                  _DMA7REQ = 0x3d6
                    0x03d6                  _DMA7REQbits = 0x3d6
                    0x03d8                  DMA7STA = 0x3d8
                    0x03d8                  _DMA7STA = 0x3d8
                    0x03da                  DMA7STB = 0x3da
                    0x03da                  _DMA7STB = 0x3da
                    0x03dc                  DMA7PAD = 0x3dc
                    0x03dc                  _DMA7PAD = 0x3dc
                    0x03de                  DMA7CNT = 0x3de
                    0x03de                  _DMA7CNT = 0x3de
                    0x03e0                  DMACS0 = 0x3e0
                    0x03e0                  _DMACS0 = 0x3e0
                    0x03e0                  _DMACS0bits = 0x3e0
                    0x03e2                  DMACS1 = 0x3e2
                    0x03e2                  _DMACS1 = 0x3e2
                    0x03e2                  _DMACS1bits = 0x3e2
                    0x03e4                  DSADR = 0x3e4
                    0x03e4                  _DSADR = 0x3e4
                    0x05c0                  P2TCON = 0x5c0
                    0x05c0                  _P2TCON = 0x5c0
                    0x05c0                  _P2TCONbits = 0x5c0
                    0x05c2                  P2TMR = 0x5c2
                    0x05c2                  _P2TMR = 0x5c2
                    0x05c2                  _P2TMRbits = 0x5c2
                    0x05c4                  P2TPER = 0x5c4
                    0x05c4                  _P2TPER = 0x5c4
                    0x05c4                  _P2TPERbits = 0x5c4
                    0x05c6                  P2SECMP = 0x5c6
                    0x05c6                  _P2SECMP = 0x5c6
                    0x05c6                  _P2SECMPbits = 0x5c6
                    0x05c8                  PWM2CON1 = 0x5c8
                    0x05c8                  _PWM2CON1 = 0x5c8
                    0x05c8                  _PWM2CON1bits = 0x5c8
                    0x05ca                  PWM2CON2 = 0x5ca
                    0x05ca                  _PWM2CON2 = 0x5ca
                    0x05ca                  _PWM2CON2bits = 0x5ca
                    0x05cc                  P2DTCON1 = 0x5cc
                    0x05cc                  _P2DTCON1 = 0x5cc
                    0x05cc                  _P2DTCON1bits = 0x5cc
                    0x05ce                  P2DTCON2 = 0x5ce
                    0x05ce                  _P2DTCON2 = 0x5ce
                    0x05ce                  _P2DTCON2bits = 0x5ce
                    0x05d0                  P2FLTACON = 0x5d0
                    0x05d0                  _P2FLTACON = 0x5d0
                    0x05d0                  _P2FLTACONbits = 0x5d0
                    0x05d4                  P2OVDCON = 0x5d4
                    0x05d4                  _P2OVDCON = 0x5d4
                    0x05d4                  _P2OVDCONbits = 0x5d4
                    0x05d6                  P2DC1 = 0x5d6
                    0x05d6                  _P2DC1 = 0x5d6
                    0x0600                  PMCON = 0x600
                    0x0600                  _PMCON = 0x600
                    0x0600                  _PMCONbits = 0x600
                    0x0602                  PMMODE = 0x602
                    0x0602                  _PMMODE = 0x602
                    0x0602                  _PMMODEbits = 0x602
                    0x0604                  PMADDR = 0x604
                    0x0604                  _PMADDR = 0x604
                    0x0604                  _PMADDRbits = 0x604
                    0x0604                  PMDOUT1 = 0x604
                    0x0604                  _PMDOUT1 = 0x604
                    0x0606                  PMDOUT2 = 0x606
                    0x0606                  _PMDOUT2 = 0x606
                    0x0608                  PMDIN1 = 0x608
                    0x0608                  _PMDIN1 = 0x608
                    0x060a                  PMDIN2 = 0x60a
                    0x060a                  _PMDIN2 = 0x60a
                    0x060c                  PMAEN = 0x60c
                    0x060c                  _PMAEN = 0x60c
                    0x060c                  _PMAENbits = 0x60c
                    0x060e                  PMSTAT = 0x60e
                    0x060e                  _PMSTAT = 0x60e
                    0x060e                  _PMSTATbits = 0x60e
                    0x0620                  ALRMVAL = 0x620
                    0x0620                  _ALRMVAL = 0x620
                    0x0622                  ALCFGRPT = 0x622
                    0x0622                  _ALCFGRPT = 0x622
                    0x0622                  _ALCFGRPTbits = 0x622
                    0x0624                  RTCVAL = 0x624
                    0x0624                  _RTCVAL = 0x624
                    0x0626                  RCFGCAL = 0x626
                    0x0626                  _RCFGCAL = 0x626
                    0x0626                  _RCFGCALbits = 0x626
                    0x0630                  CMCON = 0x630
                    0x0630                  _CMCON = 0x630
                    0x0630                  _CMCONbits = 0x630
                    0x0632                  CVRCON = 0x632
                    0x0632                  _CVRCON = 0x632
                    0x0632                  _CVRCONbits = 0x632
                    0x0640                  CRCCON = 0x640
                    0x0640                  _CRCCON = 0x640
                    0x0640                  _CRCCONbits = 0x640
                    0x0642                  CRCXOR = 0x642
                    0x0642                  _CRCXOR = 0x642
                    0x0644                  CRCDAT = 0x644
                    0x0644                  _CRCDAT = 0x644
                    0x0646                  CRCWDAT = 0x646
                    0x0646                  _CRCWDAT = 0x646
                    0x0680                  RPINR0 = 0x680
                    0x0680                  _RPINR0 = 0x680
                    0x0680                  _RPINR0bits = 0x680
                    0x0682                  RPINR1 = 0x682
                    0x0682                  _RPINR1 = 0x682
                    0x0682                  _RPINR1bits = 0x682
                    0x0686                  RPINR3 = 0x686
                    0x0686                  _RPINR3 = 0x686
                    0x0686                  _RPINR3bits = 0x686
                    0x0688                  RPINR4 = 0x688
                    0x0688                  _RPINR4 = 0x688
                    0x0688                  _RPINR4bits = 0x688
                    0x068e                  RPINR7 = 0x68e
                    0x068e                  _RPINR7 = 0x68e
                    0x068e                  _RPINR7bits = 0x68e
                    0x0694                  RPINR10 = 0x694
                    0x0694                  _RPINR10 = 0x694
                    0x0694                  _RPINR10bits = 0x694
                    0x0696                  RPINR11 = 0x696
                    0x0696                  _RPINR11 = 0x696
                    0x0696                  _RPINR11bits = 0x696
                    0x0698                  RPINR12 = 0x698
                    0x0698                  _RPINR12 = 0x698
                    0x0698                  _RPINR12bits = 0x698
                    0x069a                  RPINR13 = 0x69a
                    0x069a                  _RPINR13 = 0x69a
                    0x069a                  _RPINR13bits = 0x69a
                    0x069c                  RPINR14 = 0x69c
                    0x069c                  _RPINR14 = 0x69c
                    0x069c                  _RPINR14bits = 0x69c
                    0x069e                  RPINR15 = 0x69e
                    0x069e                  _RPINR15 = 0x69e
                    0x069e                  _RPINR15bits = 0x69e
                    0x06a0                  RPINR16 = 0x6a0
                    0x06a0                  _RPINR16 = 0x6a0
                    0x06a0                  _RPINR16bits = 0x6a0
                    0x06a2                  RPINR17 = 0x6a2
                    0x06a2                  _RPINR17 = 0x6a2
                    0x06a2                  _RPINR17bits = 0x6a2
                    0x06a4                  RPINR18 = 0x6a4
                    0x06a4                  _RPINR18 = 0x6a4
                    0x06a4                  _RPINR18bits = 0x6a4
                    0x06a6                  RPINR19 = 0x6a6
                    0x06a6                  _RPINR19 = 0x6a6
                    0x06a6                  _RPINR19bits = 0x6a6
                    0x06a8                  RPINR20 = 0x6a8
                    0x06a8                  _RPINR20 = 0x6a8
                    0x06a8                  _RPINR20bits = 0x6a8
                    0x06aa                  RPINR21 = 0x6aa
                    0x06aa                  _RPINR21 = 0x6aa
                    0x06aa                  _RPINR21bits = 0x6aa
                    0x06ac                  RPINR22 = 0x6ac
                    0x06ac                  _RPINR22 = 0x6ac
                    0x06ac                  _RPINR22bits = 0x6ac
                    0x06ae                  RPINR23 = 0x6ae
                    0x06ae                  _RPINR23 = 0x6ae
                    0x06ae                  _RPINR23bits = 0x6ae
                    0x06c0                  RPOR0 = 0x6c0
                    0x06c0                  _RPOR0 = 0x6c0
                    0x06c0                  _RPOR0bits = 0x6c0
                    0x06c2                  RPOR1 = 0x6c2
                    0x06c2                  _RPOR1 = 0x6c2
                    0x06c2                  _RPOR1bits = 0x6c2
                    0x06c4                  RPOR2 = 0x6c4
                    0x06c4                  _RPOR2 = 0x6c4
                    0x06c4                  _RPOR2bits = 0x6c4
                    0x06c6                  RPOR3 = 0x6c6
                    0x06c6                  _RPOR3 = 0x6c6
                    0x06c6                  _RPOR3bits = 0x6c6
                    0x06c8                  RPOR4 = 0x6c8
                    0x06c8                  _RPOR4 = 0x6c8
                    0x06c8                  _RPOR4bits = 0x6c8
                    0x06ca                  RPOR5 = 0x6ca
                    0x06ca                  _RPOR5 = 0x6ca
                    0x06ca                  _RPOR5bits = 0x6ca
                    0x06cc                  RPOR6 = 0x6cc
                    0x06cc                  _RPOR6 = 0x6cc
                    0x06cc                  _RPOR6bits = 0x6cc
                    0x06ce                  RPOR7 = 0x6ce
                    0x06ce                  _RPOR7 = 0x6ce
                    0x06ce                  _RPOR7bits = 0x6ce
                    0x0740                  RCON = 0x740
                    0x0740                  _RCON = 0x740
                    0x0740                  _RCONbits = 0x740
                    0x0742                  OSCCON = 0x742
                    0x0742                  _OSCCON = 0x742
                    0x0742                  _OSCCONbits = 0x742
                    0x0742                  OSCCONL = 0x742
                    0x0742                  _OSCCONL = 0x742
                    0x0743                  OSCCONH = 0x743
                    0x0743                  _OSCCONH = 0x743
                    0x0744                  CLKDIV = 0x744
                    0x0744                  _CLKDIV = 0x744
                    0x0744                  _CLKDIVbits = 0x744
                    0x0746                  PLLFBD = 0x746
                    0x0746                  _PLLFBD = 0x746
                    0x0746                  _PLLFBDbits = 0x746
                    0x0748                  OSCTUN = 0x748
                    0x0748                  _OSCTUN = 0x748
                    0x0748                  _OSCTUNbits = 0x748
                    0x074a                  ACLKCON = 0x74a
                    0x074a                  _ACLKCON = 0x74a
                    0x074a                  _ACLKCONbits = 0x74a
                    0x0750                  BSRAM = 0x750
                    0x0750                  _BSRAM = 0x750
                    0x0750                  _BSRAMbits = 0x750
                    0x0752                  SSRAM = 0x752
                    0x0752                  _SSRAM = 0x752
                    0x0752                  _SSRAMbits = 0x752
                    0x0760                  NVMCON = 0x760
                    0x0760                  _NVMCON = 0x760
                    0x0760                  _NVMCONbits = 0x760
                    0x0766                  NVMKEY = 0x766
                    0x0766                  _NVMKEY = 0x766
                    0x0770                  PMD1 = 0x770
                    0x0770                  _PMD1 = 0x770
                    0x0770                  _PMD1bits = 0x770
                    0x0772                  PMD2 = 0x772
                    0x0772                  _PMD2 = 0x772
                    0x0772                  _PMD2bits = 0x772
                    0x0774                  PMD3 = 0x774
                    0x0774                  _PMD3 = 0x774
                    0x0774                  _PMD3bits = 0x774
                    0x0022                  ACCA = 0x22
                    0x0022                  _ACCA = 0x22
                    0x0028                  ACCB = 0x28
                    0x0028                  _ACCB = 0x28
                    0x0140                  IC1 = 0x140
                    0x0140                  _IC1 = 0x140
                    0x0144                  IC2 = 0x144
                    0x0144                  _IC2 = 0x144
                    0x0158                  IC7 = 0x158
                    0x0158                  _IC7 = 0x158
                    0x015c                  IC8 = 0x15c
                    0x015c                  _IC8 = 0x15c
                    0x0180                  OC1 = 0x180
                    0x0180                  _OC1 = 0x180
                    0x0186                  OC2 = 0x186
                    0x0186                  _OC2 = 0x186
                    0x018c                  OC3 = 0x18c
                    0x018c                  _OC3 = 0x18c
                    0x0192                  OC4 = 0x192
                    0x0192                  _OC4 = 0x192
                    0x0240                  SPI1 = 0x240
                    0x0240                  _SPI1 = 0x240
                    0x0260                  SPI2 = 0x260
                    0x0260                  _SPI2 = 0x260
                    0x0220                  UART1 = 0x220
                    0x0220                  _UART1 = 0x220
                    0x0230                  UART2 = 0x230
                    0x0230                  _UART2 = 0x230
START GROUP
LOAD c:/program files/microchip/xc16/v1.70/bin/bin/../../lib\liblega-pic30-elf.a
LOAD c:/program files/microchip/xc16/v1.70/bin/bin/../../lib\libfastm-elf.a
LOAD c:/program files/microchip/xc16/v1.70/bin/bin/../../lib\liblega-c-elf.a
END GROUP
OUTPUT(dist/default/production/Ejemplo5_ADC.X.production.elf elf32-pic30)
LOAD /CW/_FGSð'j
LOAD /CW/_FBSàj
LOAD jump_table
LOAD default_isr
LOAD data_init

.debug_pubtypes
                  0x000048        0x131
 .debug_pubtypes
                  0x000048         0x56 build/default/production/LCD_dsPIC.o
 .debug_pubtypes
                  0x00009e         0x1e build/default/production/main.o
 .debug_pubtypes
                  0x0000bc         0xbd build/default/production/adc_dsPIC.o

__c30_signature
                  0x000179        0x168
 __c30_signature
                  0x000179          0x6 build/default/production/LCD_dsPIC.o
 __c30_signature
                  0x00017f          0x6 build/default/production/main.o
 __c30_signature
                  0x000185          0x6 build/default/production/adc_dsPIC.o
 __c30_signature
                  0x00018b          0x6 c:/program files/microchip/xc16/v1.70/bin/bin/../../lib\liblega-pic30-elf.a(crt0_standard.o)
 __c30_signature
                  0x000191          0x6 c:/program files/microchip/xc16/v1.70/bin/bin/../../lib\liblega-pic30-elf.a(data_init_standard.o)
 __c30_signature
                  0x000197          0x6 c:/program files/microchip/xc16/v1.70/bin/bin/../../lib\liblega-pic30-elf.a(delay32.Leo)
 __c30_signature
                  0x00019d          0x6 c:/program files/microchip/xc16/v1.70/bin/bin/../../lib\libfastm-elf.a(floatunsisf.eo)
 __c30_signature
                  0x0001a3          0x6 c:/program files/microchip/xc16/v1.70/bin/bin/../../lib\libfastm-elf.a(errno.eo)
 __c30_signature
                  0x0001a9          0x6 c:/program files/microchip/xc16/v1.70/bin/bin/../../lib\libfastm-elf.a(floatundisf.eo)
 __c30_signature
                  0x0001af          0x6 c:/program files/microchip/xc16/v1.70/bin/bin/../../lib\libfastm-elf.a(fpack.eo)
 __c30_signature
                  0x0001b5          0x6 c:/program files/microchip/xc16/v1.70/bin/bin/../../lib\liblega-c-elf.a(sprintf_fF.XXeo)
 __c30_signature
                  0x0001bb          0x6 c:/program files/microchip/xc16/v1.70/bin/bin/../../lib\liblega-c-elf.a(xprintf_fF.XXeo)
 __c30_signature
                  0x0001c1          0x6 c:/program files/microchip/xc16/v1.70/bin/bin/../../lib\liblega-c-elf.a(memcpy.XX_eo)
 __c30_signature
                  0x0001c7          0x6 c:/program files/microchip/xc16/v1.70/bin/bin/../../lib\liblega-c-elf.a(strchr.XX_eo)
 __c30_signature
                  0x0001cd          0x6 c:/program files/microchip/xc16/v1.70/bin/bin/../../lib\liblega-c-elf.a(xputtxt.XX_eo)
 __c30_signature
                  0x0001d3          0x6 c:/program files/microchip/xc16/v1.70/bin/bin/../../lib\liblega-c-elf.a(xvacopy.XX_eo)
 __c30_signature
                  0x0001d9          0x6 c:/program files/microchip/xc16/v1.70/bin/bin/../../lib\liblega-c-elf.a(efwrite.XX_eo)
 __c30_signature
                  0x0001df          0x6 c:/program files/microchip/xc16/v1.70/bin/bin/../../lib\liblega-c-elf.a(fflush.XX_elo)
 __c30_signature
                  0x0001e5          0x6 c:/program files/microchip/xc16/v1.70/bin/bin/../../lib\liblega-c-elf.a(xfiles.XX_elo)
 __c30_signature
                  0x0001eb          0x6 c:/program files/microchip/xc16/v1.70/bin/bin/../../lib\liblega-c-elf.a(xputfld_fF.XXeo)
 __c30_signature
                  0x0001f1          0x6 c:/program files/microchip/xc16/v1.70/bin/bin/../../lib\liblega-c-elf.a(xldtob_fF.XXeo)
 __c30_signature
                  0x0001f7          0x6 c:/program files/microchip/xc16/v1.70/bin/bin/../../lib\liblega-c-elf.a(xgenld_fF.XXeo)
 __c30_signature
                  0x0001fd          0x6 c:/program files/microchip/xc16/v1.70/bin/bin/../../lib\liblega-c-elf.a(div.XX_eo)
 __c30_signature
                  0x000203          0x6 c:/program files/microchip/xc16/v1.70/bin/bin/../../lib\liblega-c-elf.a(ldiv.XX_eo)
 __c30_signature
                  0x000209          0x6 c:/program files/microchip/xc16/v1.70/bin/bin/../../lib\liblega-c-elf.a(xfwprep.XX_eo)
 __c30_signature
                  0x00020f          0x6 c:/program files/microchip/xc16/v1.70/bin/bin/../../lib\liblega-c-elf.a(xldunsca.XX_eo)
 __c30_signature
                  0x000215          0x6 c:/program files/microchip/xc16/v1.70/bin/bin/../../lib\liblega-c-elf.a(fclose.XX_elo)
 __c30_signature
                  0x00021b          0x6 c:/program files/microchip/xc16/v1.70/bin/bin/../../lib\liblega-c-elf.a(xatexit.XX_elo)
 __c30_signature
                  0x000221          0x6 c:/program files/microchip/xc16/v1.70/bin/bin/../../lib\liblega-c-elf.a(xdnorm.XX_elo)
 __c30_signature
                  0x000227          0x6 c:/program files/microchip/xc16/v1.70/bin/bin/../../lib\liblega-c-elf.a(free.XX_eo)
 __c30_signature
                  0x00022d          0x6 c:/program files/microchip/xc16/v1.70/bin/bin/../../lib\liblega-c-elf.a(malloc.XX_eo)
 __c30_signature
                  0x000233          0x6 c:/program files/microchip/xc16/v1.70/bin/bin/../../lib\liblega-c-elf.a(xgetmem.XX_eo)
 __c30_signature
                  0x000239          0x6 c:/program files/microchip/xc16/v1.70/bin/bin/../../lib\liblega-pic30-elf.a(close.Leo)
 __c30_signature
                  0x00023f          0x6 c:/program files/microchip/xc16/v1.70/bin/bin/../../lib\liblega-pic30-elf.a(write.Leo)
 __c30_signature
                  0x000245          0x6 c:/program files/microchip/xc16/v1.70/bin/bin/../../lib\liblega-pic30-elf.a(remove.Leo)
 __c30_signature
                  0x00024b          0x6 c:/program files/microchip/xc16/v1.70/bin/bin/../../lib\liblega-pic30-elf.a(sbrk.Leo)
 __c30_signature
                  0x000251          0x6 c:/program files/microchip/xc16/v1.70/bin/bin/../../lib\liblega-pic30-elf.a(c30_uart.Leo)
 __c30_signature
                  0x000257          0x6 c:/program files/microchip/xc16/v1.70/bin/bin/../../lib\liblega-pic30-elf.a(memcpy_eds.Leo)
 __c30_signature
                  0x00025d          0x6 c:/program files/microchip/xc16/v1.70/bin/bin/../../lib\liblega-pic30-elf.a(memchr_eds.Leo)
 __c30_signature
                  0x000263          0x6 c:/program files/microchip/xc16/v1.70/bin/bin/../../lib\liblega-pic30-elf.a(brk.Lelo)
 __c30_signature
                  0x000269          0x6 c:/program files/microchip/xc16/v1.70/bin/bin/../../lib\libfastm-elf.a(deqltle.eo)
 __c30_signature
                  0x00026f          0x6 c:/program files/microchip/xc16/v1.70/bin/bin/../../lib\libfastm-elf.a(dgtge.eo)
 __c30_signature
                  0x000275          0x6 c:/program files/microchip/xc16/v1.70/bin/bin/../../lib\libfastm-elf.a(divsi3.eo)
 __c30_signature
                  0x00027b          0x6 c:/program files/microchip/xc16/v1.70/bin/bin/../../lib\libfastm-elf.a(extendsfdf.eo)
 __c30_signature
                  0x000281          0x6 c:/program files/microchip/xc16/v1.70/bin/bin/../../lib\libfastm-elf.a(fixdfsi.eo)
 __c30_signature
                  0x000287          0x6 c:/program files/microchip/xc16/v1.70/bin/bin/../../lib\libfastm-elf.a(floatsidf.eo)
 __c30_signature
                  0x00028d          0x6 c:/program files/microchip/xc16/v1.70/bin/bin/../../lib\libfastm-elf.a(funpack.eo)
 __c30_signature
                  0x000293          0x6 c:/program files/microchip/xc16/v1.70/bin/bin/../../lib\libfastm-elf.a(mulsi3.eo)
 __c30_signature
                  0x000299          0x6 c:/program files/microchip/xc16/v1.70/bin/bin/../../lib\libfastm-elf.a(dpadd.eo)
 __c30_signature
                  0x00029f          0x6 c:/program files/microchip/xc16/v1.70/bin/bin/../../lib\libfastm-elf.a(dpdiv.eo)
 __c30_signature
                  0x0002a5          0x6 c:/program files/microchip/xc16/v1.70/bin/bin/../../lib\libfastm-elf.a(dpmul.eo)
 __c30_signature
                  0x0002ab          0x6 c:/program files/microchip/xc16/v1.70/bin/bin/../../lib\libfastm-elf.a(dpsubs.eo)
 __c30_signature
                  0x0002b1          0x6 c:/program files/microchip/xc16/v1.70/bin/bin/../../lib\libfastm-elf.a(dcompare.eo)
 __c30_signature
                  0x0002b7          0x6 c:/program files/microchip/xc16/v1.70/bin/bin/../../lib\libfastm-elf.a(dtype.eo)
 __c30_signature
                  0x0002bd          0x6 c:/program files/microchip/xc16/v1.70/bin/bin/../../lib\libfastm-elf.a(dunpack.eo)
 __c30_signature
                  0x0002c3          0x6 c:/program files/microchip/xc16/v1.70/bin/bin/../../lib\libfastm-elf.a(dunpack2.eo)
 __c30_signature
                  0x0002c9          0x6 c:/program files/microchip/xc16/v1.70/bin/bin/../../lib\libfastm-elf.a(floatdidf.eo)
 __c30_signature
                  0x0002cf          0x6 c:/program files/microchip/xc16/v1.70/bin/bin/../../lib\libfastm-elf.a(floatundidf.eo)
 __c30_signature
                  0x0002d5          0x6 c:/program files/microchip/xc16/v1.70/bin/bin/../../lib\libfastm-elf.a(dpack.eo)
 __c30_signature
                  0x0002db          0x6 c:/program files/microchip/xc16/v1.70/bin/bin/../../lib\libfastm-elf.a(dpropagateNaN.eo)

.nbss               0x0800         0x58
 .nbss              0x0800         0x54 build/default/production/main.o
                    0x0800                  _res0
                    0x0804                  _res1
                    0x0808                  _res2
                    0x080c                  _res3
                    0x0810                  _res4
                    0x0814                  _res5
                    0x0818                  _Str_res0
                    0x0822                  _Str_res1
                    0x082c                  _Str_res2
                    0x0836                  _Str_res3
                    0x0840                  _Str_res4
                    0x084a                  _Str_res5
 .nbss              0x0854          0x2 build/default/production/LCD_dsPIC.o
                    0x0854                  _Cursor
 .nbss              0x0856          0x2 c:/program files/microchip/xc16/v1.70/bin/bin/../../lib\libfastm-elf.a(errno.eo)
                    0x0856                  _errno

.data               0x0858         0xfa
 .data              0x0858         0x88 c:/program files/microchip/xc16/v1.70/bin/bin/../../lib\liblega-c-elf.a(xfiles.XX_elo)
                    0x0858                  __Stdin
                    0x0880                  __Stdout
                    0x08a8                  __Stderr
                    0x08d0                  __Files
 .data              0x08e0         0x58 c:/program files/microchip/xc16/v1.70/bin/bin/../../lib\liblega-c-elf.a(xldtob_fF.XXeo)
 .data              0x0938         0x1a c:/program files/microchip/xc16/v1.70/bin/bin/../../lib\liblega-c-elf.a(xprintf_fF.XXeo)

.bss                0x0952          0x4
 .bss               0x0952          0x4 c:/program files/microchip/xc16/v1.70/bin/bin/../../lib\liblega-c-elf.a(malloc.XX_eo)
                    0x0952                  __Aldata

.data               0x0956          0x2
 .data              0x0956          0x2 c:/program files/microchip/xc16/v1.70/bin/bin/../../lib\liblega-c-elf.a(xgenld_fF.XXeo)

.bss                0x0958          0x2
 .bss               0x0958          0x2 c:/program files/microchip/xc16/v1.70/bin/bin/../../lib\liblega-c-elf.a(fclose.XX_elo)

.data               0x095a          0x4
 .data              0x095a          0x2 c:/program files/microchip/xc16/v1.70/bin/bin/../../lib\liblega-c-elf.a(malloc.XX_eo)
                    0x095a                  __Size_block
 .data              0x095c          0x2 c:/program files/microchip/xc16/v1.70/bin/bin/../../lib\liblega-pic30-elf.a(c30_uart.Leo)
                    0x095c                  ___C30_UART

.bss                0x095e          0x2
 .bss               0x095e          0x2 c:/program files/microchip/xc16/v1.70/bin/bin/../../lib\liblega-pic30-elf.a(brk.Lelo)
                    0x095e                  ___curbrk

.config_JTAGEN    0xf8000e          0x2
 .config_JTAGEN
                  0xf8000e          0x2 build/default/production/main.o

.config_PWMPIN    0xf8000c          0x2
 .config_PWMPIN
                  0xf8000c          0x2 build/default/production/main.o

.config_FWDTEN    0xf8000a          0x2
 .config_FWDTEN
                  0xf8000a          0x2 build/default/production/main.o

.config_FCKSM     0xf80008          0x2
 .config_FCKSM    0xf80008          0x2 build/default/production/main.o

.config_IESO      0xf80006          0x2
 .config_IESO     0xf80006          0x2 build/default/production/main.o

.const              0x9f9c         0x2a load address 0x001f9c  
 .const             0x9f9c         0x2a build/default/production/main.o

.text             0x001fc6        0x590
 .text            0x001fc6        0x410 build/default/production/LCD_dsPIC.o
                  0x001fc6                  _LCD_dsPIC_DataBus
                  0x002008                  _LCD_dsPIC_Cmd
                  0x002020                  _LCD_dsPIC_Init
                  0x002066                  _LCD_dsPIC_SetCursor
                  0x0020f6                  _LCD_dsPIC_Print_Char
                  0x002116                  _LCD_dsPIC_Print_String
                  0x002134                  _LCD_dsPIC_New_Char
                  0x0023a2                  _LCD_dsPIC_Write_New_Char
                  0x0023b6                  _LCD_dsPIC_Clear
                  0x0023c6                  _LCD_dsPIC_Home
 .text            0x0023d6        0x180 build/default/production/main.o
                  0x0023d6                  _main

.dinit            0x002556         0xfa
 .dinit           0x002556         0xfa data_init

.text             0x002650         0x7e
 .text            0x002650         0x7e build/default/production/adc_dsPIC.o
                  0x002650                  _ADC_Init
                  0x00269c                  _AnalogRead

.init.delay32     0x0026ce         0x1c
 .init.delay32    0x0026ce         0x1c c:/program files/microchip/xc16/v1.70/bin/bin/../../lib\liblega-pic30-elf.a(delay32.Leo)
                  0x0026ce                  ___delay32
